// Jest Snapshot v1, https://goo.gl/fbAQLP

exports[`Checkbox should match a snapshot 1`] = `
<div
  className="flex items-center"
>
  <input
    className="h-4 w-4 text-indigo-600 focus:ring-indigo-500 border-gray-300 rounded"
    data-testid="checkbox"
    id="remember-me"
    name="remember-me"
    type="checkbox"
  />
  <label
    className="ml-2 block text-sm text-gray-900"
    data-testid="checkbox-label"
    htmlFor="remember-me"
  >
    Test
  </label>
</div>
`;
