// Jest Snapshot v1, https://goo.gl/fbAQLP

exports[`Button should match a snapshot 1`] = `
<View
  style={
    [
      {
        "backgroundColor": "#6366f1",
      },
      {
        "borderBottomLeftRadius": 4,
        "borderBottomRightRadius": 4,
        "borderTopLeftRadius": 4,
        "borderTopRightRadius": 4,
      },
      {
        "marginBottom": 12,
        "marginLeft": 12,
        "marginRight": 12,
        "marginTop": 12,
      },
    ]
  }
>
  <View
    accessibilityRole="button"
    accessible={true}
    collapsable={false}
    focusable={true}
    onClick={[Function]}
    onResponderGrant={[Function]}
    onResponderMove={[Function]}
    onResponderRelease={[Function]}
    onResponderTerminate={[Function]}
    onResponderTerminationRequest={[Function]}
    onStartShouldSetResponder={[Function]}
    style={
      {
        "opacity": 1,
      }
    }
  >
    <View
      style={
        [
          {},
        ]
      }
    >
      <Text
        style={
          [
            {
              "color": "#007AFF",
              "fontSize": 18,
              "margin": 8,
              "textAlign": "center",
            },
            {
              "color": "#ffffff",
            },
          ]
        }
      >
        Test
      </Text>
    </View>
  </View>
</View>
`;
