// Jest Snapshot v1, https://goo.gl/fbAQLP

exports[`LoginForm should match a snapshot 1`] = `
<div
  className="mt-8 sm:mx-auto sm:w-full sm:max-w-md"
>
  <div
    className="bg-white py-8 px-4 shadow sm:rounded-lg sm:px-10"
  >
    <div
      className="space-y-6"
    >
      <div>
        <label
          className="block text-sm font-medium text-gray-700"
          htmlFor="email"
        >
          Email address
        </label>
        <div
          className="mt-1"
        >
          <input
            autoComplete="email"
            className="appearance-none block w-full px-3 py-2 border border-gray-300 rounded-md shadow-sm placeholder-gray-400 focus:outline-none focus:ring-indigo-500 focus:border-indigo-500 sm:text-sm"
            id="email"
            name="email"
            onChange={[Function]}
            required={true}
            type="email"
            value=""
          />
        </div>
      </div>
      <div>
        <label
          className="block text-sm font-medium text-gray-700"
          htmlFor="email"
        >
          Password
        </label>
        <div
          className="mt-1"
        >
          <input
            autoComplete="current-password"
            className="appearance-none block w-full px-3 py-2 border border-gray-300 rounded-md shadow-sm placeholder-gray-400 focus:outline-none focus:ring-indigo-500 focus:border-indigo-500 sm:text-sm"
            id="password"
            name="password"
            onChange={[Function]}
            required={true}
            type="password"
            value=""
          />
        </div>
      </div>
      <div
        className="flex items-center justify-between"
      >
        <div
          className="flex items-center"
        >
          <input
            className="h-4 w-4 text-indigo-600 focus:ring-indigo-500 border-gray-300 rounded"
            data-testid="remember-me-checkbox"
            defaultChecked={false}
            id="remember-me"
            name="remember-me"
            onChange={[Function]}
            type="checkbox"
          />
          <label
            className="ml-2 block text-sm text-gray-900"
            data-testid="remember-me-checkbox-label"
            htmlFor="remember-me"
          >
            Remember me
          </label>
        </div>
        <div
          className="text-sm"
        >
          <a
            className="font-medium text-indigo-600 hover:text-indigo-500"
            href="#"
          >
            Forgot your password?
          </a>
        </div>
      </div>
      <div>
        <button
          className="w-full flex justify-center py-2 px-4 border border-transparent rounded-md shadow-sm text-sm font-medium text-white bg-indigo-600 hover:bg-indigo-700 focus:outline-none focus:ring-2 focus:ring-offset-2 focus:ring-indigo-500"
          onClick={[Function]}
          type="submit"
        >
          Sign in
        </button>
      </div>
    </div>
  </div>
</div>
`;
