// Jest Snapshot v1, https://goo.gl/fbAQLP

exports[`SignIn should match a snapshot 1`] = `
<View
  style={
    [
      {
        "width": "100%",
      },
      {
        "height": "100%",
      },
      {
        "alignItems": "center",
      },
      {
        "justifyContent": "space-around",
      },
    ]
  }
>
  <Image
    source={1}
    style={
      [
        {
          "height": 96,
        },
        {
          "width": 96,
        },
        {
          "paddingTop": 24,
        },
      ]
    }
  />
  <View
    style={
      [
        {
          "width": "100%",
        },
        {
          "alignItems": "center",
        },
      ]
    }
  >
    <View
      style={
        [
          {
            "width": "91.666667%",
          },
          {
            "paddingBottom": 12,
          },
        ]
      }
    >
      <Text
        style={
          [
            {
              "fontSize": 14,
              "lineHeight": 20,
            },
            {
              "fontWeight": "500",
            },
            {
              "color": "#374151",
            },
            {
              "marginBottom": 4,
              "marginTop": 4,
            },
          ]
        }
      >
        Email Address
      </Text>
      <TextInput
        keyboardType="email-address"
        onBlur={[Function]}
        onChangeText={[Function]}
        onFocus={[Function]}
        style={
          [
            {
              "borderBottomLeftRadius": 6,
              "borderBottomRightRadius": 6,
              "borderTopLeftRadius": 6,
              "borderTopRightRadius": 6,
            },
            {
              "borderBottomWidth": 1,
              "borderLeftWidth": 1,
              "borderRightWidth": 1,
              "borderTopWidth": 1,
            },
            {
              "borderBottomColor": "#d1d5db",
              "borderLeftColor": "#d1d5db",
              "borderRightColor": "#d1d5db",
              "borderTopColor": "#d1d5db",
            },
            {
              "paddingLeft": 12,
              "paddingRight": 12,
            },
            {
              "paddingBottom": 8,
              "paddingTop": 8,
            },
            {
              "color": "#000",
            },
            {
              "shadowColor": "rgba(0, 0, 0, 0.1)",
              "shadowOffset": {
                "height": 1,
                "width": 0,
              },
              "shadowOpacity": 1,
              "shadowRadius": 2,
            },
            {
              "fontSize": 14,
              "lineHeight": 20,
            },
          ]
        }
        value=""
      />
    </View>
    <View
      style={
        [
          {
            "width": "91.666667%",
          },
          {
            "paddingBottom": 24,
          },
        ]
      }
    >
      <Text
        style={
          [
            {
              "fontSize": 14,
              "lineHeight": 20,
            },
            {
              "fontWeight": "500",
            },
            {
              "color": "#374151",
            },
            {
              "marginBottom": 4,
              "marginTop": 4,
            },
          ]
        }
      >
        Password
      </Text>
      <TextInput
        onBlur={[Function]}
        onChangeText={[Function]}
        onFocus={[Function]}
        secureTextEntry={true}
        style={
          [
            {
              "borderBottomLeftRadius": 6,
              "borderBottomRightRadius": 6,
              "borderTopLeftRadius": 6,
              "borderTopRightRadius": 6,
            },
            {
              "borderBottomWidth": 1,
              "borderLeftWidth": 1,
              "borderRightWidth": 1,
              "borderTopWidth": 1,
            },
            {
              "borderBottomColor": "#d1d5db",
              "borderLeftColor": "#d1d5db",
              "borderRightColor": "#d1d5db",
              "borderTopColor": "#d1d5db",
            },
            {
              "paddingLeft": 12,
              "paddingRight": 12,
            },
            {
              "paddingBottom": 8,
              "paddingTop": 8,
            },
            {
              "color": "#000",
            },
            {
              "shadowColor": "rgba(0, 0, 0, 0.1)",
              "shadowOffset": {
                "height": 1,
                "width": 0,
              },
              "shadowOpacity": 1,
              "shadowRadius": 2,
            },
            {
              "fontSize": 14,
              "lineHeight": 20,
            },
          ]
        }
        value=""
      />
    </View>
    <View
      style={
        [
          {
            "backgroundColor": "#6366f1",
          },
          {
            "borderBottomLeftRadius": 4,
            "borderBottomRightRadius": 4,
            "borderTopLeftRadius": 4,
            "borderTopRightRadius": 4,
          },
          {
            "marginBottom": 12,
            "marginLeft": 12,
            "marginRight": 12,
            "marginTop": 12,
          },
          {
            "width": "91.666667%",
          },
        ]
      }
    >
      <View
        accessibilityRole="button"
        accessible={true}
        collapsable={false}
        focusable={true}
        onClick={[Function]}
        onResponderGrant={[Function]}
        onResponderMove={[Function]}
        onResponderRelease={[Function]}
        onResponderTerminate={[Function]}
        onResponderTerminationRequest={[Function]}
        onStartShouldSetResponder={[Function]}
        style={
          {
            "opacity": 1,
          }
        }
      >
        <View
          style={
            [
              {},
            ]
          }
        >
          <Text
            style={
              [
                {
                  "color": "#007AFF",
                  "fontSize": 18,
                  "margin": 8,
                  "textAlign": "center",
                },
                {
                  "color": "#ffffff",
                },
              ]
            }
          >
            Sign In
          </Text>
        </View>
      </View>
    </View>
  </View>
  <View />
</View>
`;
