// Jest Snapshot v1, https://goo.gl/fbAQLP

exports[`Home should match a snapshot 1`] = `
<View
  style={
    [
      {
        "flexBasis": "0%",
        "flexGrow": 1,
        "flexShrink": 1,
      },
      {
        "alignItems": "center",
      },
      {
        "justifyContent": "center",
      },
    ]
  }
>
  <Text>
    Home Screen
  </Text>
</View>
`;
